npm notice run tutore-frontend@1.0.0 dev
npm notice run vite

  [32m[1mVITE[22m v5.4.21[39m  [2mready in [0m[1m714[22m[2m[0m ms[22m

  [32m➜[39m  [1mLocal[22m:   [36mhttp://localhost:[1m5173[22m/[39m
[2m  [32m➜[39m  [1mNetwork[22m[2m: use [22m[1m--host[22m[2m to expose[22m
[2m[32m  ➜[39m[22m[2m  press [22m[1mh + enter[22m[2m to show help[22m
[2m21:24:08[22m [36m[1m[vite][22m[39m [32mhmr update [39m[2m/src/components/ui/Badge.jsx, /src/index.css[22m
[2m21:41:13[22m [36m[1m[vite][22m[39m [32mhmr update [39m[2m/src/index.css, /src/context/AuthContext.jsx, /src/pages/Profile.jsx, /src/pages/NotificationsPage.jsx, /src/pages/admin/AdminNotifications.jsx, /src/pages/etudiant/EtudiantParcours.jsx, /src/pages/etudiant/EtudiantCatalogue.jsx, /src/pages/Dashboard.jsx, /src/pages/etudiant/EtudiantDevoirs.jsx, /src/pages/etudiant/EtudiantFormation.jsx, /src/pages/formateur/FormateurFormations.jsx, /src/pages/admin/AdminFormations.jsx, /src/pages/formateur/FormationBuilder.jsx, /src/pages/formateur/FormateurContenu.jsx, /src/pages/formateur/FormateurDevoirs.jsx, /src/pages/formateur/FormateurQuizzes.jsx, /src/pages/admin/AdminUsers.jsx, /src/pages/admin/AdminConversations.jsx, /src/pages/admin/AdminCategories.jsx, /src/pages/etudiant/EtudiantQuiz.jsx, /src/pages/etudiant/EtudiantLecon.jsx, /src/pages/etudiant/EtudiantTentatives.jsx, /src/pages/messagerie/ConversationPage.jsx, /src/pages/messagerie/MessagingPage.jsx, /src/pages/admin/AdminReviews.jsx[22m
[2m21:41:14[22m [36m[1m[vite][22m[39m [33mhmr invalidate [39m[2m/src/context/AuthContext.jsx[22m Could not Fast Refresh ("useAuth" export is incompatible). Learn more at https://github.com/vitejs/vite-plugin-react/tree/main/packages/plugin-react#consistent-components-exports
[2m21:41:14[22m [36m[1m[vite][22m[39m [32mpage reload [39m[2msrc/context/AuthContext.jsx[22m
[2m21:41:14[22m [36m[1m[vite][22m[39m [32mhmr update [39m[2m/src/context/AuthContext.jsx, /src/index.css[22m
[2m21:41:14[22m [36m[1m[vite][22m[39m [33mhmr invalidate [39m[2m/src/context/AuthContext.jsx[22m Could not Fast Refresh ("useAuth" export is incompatible). Learn more at https://github.com/vitejs/vite-plugin-react/tree/main/packages/plugin-react#consistent-components-exports
[2m21:41:14[22m [36m[1m[vite][22m[39m [32mpage reload [39m[2msrc/context/AuthContext.jsx[22m
[2m21:41:18[22m [36m[1m[vite][22m[39m [32mhmr update [39m[2m/src/context/AuthContext.jsx, /src/index.css[22m
[2m21:41:18[22m [36m[1m[vite][22m[39m [33mhmr invalidate [39m[2m/src/context/AuthContext.jsx[22m Could not Fast Refresh ("useAuth" export is incompatible). Learn more at https://github.com/vitejs/vite-plugin-react/tree/main/packages/plugin-react#consistent-components-exports
[2m21:41:18[22m [36m[1m[vite][22m[39m [32mpage reload [39m[2msrc/context/AuthContext.jsx[22m
[2m17:43:03[22m [36m[1m[vite][22m[39m [32mhmr update [39m[2m/src/context/AuthContext.jsx, /src/index.css[22m
[2m17:43:03[22m [36m[1m[vite][22m[39m [33mhmr invalidate [39m[2m/src/context/AuthContext.jsx[22m Could not Fast Refresh ("useAuth" export is incompatible). Learn more at https://github.com/vitejs/vite-plugin-react/tree/main/packages/plugin-react#consistent-components-exports
[2m17:43:03[22m [36m[1m[vite][22m[39m [32mpage reload [39m[2msrc/context/AuthContext.jsx[22m
[2m17:47:29[22m [36m[1m[vite][22m[39m [32mhmr update [39m[2m/src/index.css, /src/pages/formateur/FormateurDevoirs.jsx, /src/pages/Dashboard.jsx, /src/pages/etudiant/EtudiantDevoirs.jsx[22m
[2m17:47:29[22m [36m[1m[vite][22m[39m [32mhmr update [39m[2m/src/pages/etudiant/EtudiantDevoirs.jsx, /src/index.css[22m
[2m09:07:02[22m [36m[1m[vite][22m[39m [32mhmr update [39m[2m/src/pages/etudiant/EtudiantQuiz.jsx, /src/index.css[22m
[2m09:07:06[22m [36m[1m[vite][22m[39m [32mhmr update [39m[2m/src/pages/etudiant/EtudiantQuiz.jsx, /src/index.css[22m
[2m09:07:11[22m [36m[1m[vite][22m[39m [32mhmr update [39m[2m/src/pages/etudiant/EtudiantQuiz.jsx, /src/index.css[22m
